[0.025s] Invoking command in '/home/vudinhso/rmitbot_eeet2610_ws/lesson3_ws/build/rmitbot_bringup': CMAKE_PREFIX_PATH=${CMAKE_PREFIX_PATH}:/opt/ros/jazzy DEBUGINFOD_URLS=https://debuginfod.ubuntu.com /usr/bin/cmake /home/vudinhso/rmitbot_eeet2610_ws/lesson3_ws/src/rmitbot_bringup -DCMAKE_INSTALL_PREFIX=/home/vudinhso/rmitbot_eeet2610_ws/lesson3_ws/install/rmitbot_bringup
[0.089s] -- The C compiler identification is GNU 13.3.0
[0.160s] -- The CXX compiler identification is GNU 13.3.0
[0.182s] -- Detecting C compiler ABI info
[0.290s] -- Detecting C compiler ABI info - done
[0.304s] -- Check for working C compiler: /usr/bin/cc - skipped
[0.304s] -- Detecting C compile features
[0.304s] -- Detecting C compile features - done
[0.318s] -- Detecting CXX compiler ABI info
[0.434s] -- Detecting CXX compiler ABI info - done
[0.448s] -- Check for working CXX compiler: /usr/bin/c++ - skipped
[0.448s] -- Detecting CXX compile features
[0.449s] -- Detecting CXX compile features - done
[0.455s] -- Found ament_cmake: 2.5.4 (/opt/ros/jazzy/share/ament_cmake/cmake)
[0.693s] -- Found Python3: /usr/bin/python3 (found version "3.12.3") found components: Interpreter 
[0.948s] -- Configuring done (0.9s)
[0.951s] -- Generating done (0.0s)
[0.954s] -- Build files have been written to: /home/vudinhso/rmitbot_eeet2610_ws/lesson3_ws/build/rmitbot_bringup
[0.965s] Invoked command in '/home/vudinhso/rmitbot_eeet2610_ws/lesson3_ws/build/rmitbot_bringup' returned '0': CMAKE_PREFIX_PATH=${CMAKE_PREFIX_PATH}:/opt/ros/jazzy DEBUGINFOD_URLS=https://debuginfod.ubuntu.com /usr/bin/cmake /home/vudinhso/rmitbot_eeet2610_ws/lesson3_ws/src/rmitbot_bringup -DCMAKE_INSTALL_PREFIX=/home/vudinhso/rmitbot_eeet2610_ws/lesson3_ws/install/rmitbot_bringup
[0.967s] Invoking command in '/home/vudinhso/rmitbot_eeet2610_ws/lesson3_ws/build/rmitbot_bringup': CMAKE_PREFIX_PATH=${CMAKE_PREFIX_PATH}:/opt/ros/jazzy DEBUGINFOD_URLS=https://debuginfod.ubuntu.com /usr/bin/cmake --build /home/vudinhso/rmitbot_eeet2610_ws/lesson3_ws/build/rmitbot_bringup -- -j4 -l4
[1.045s] Invoked command in '/home/vudinhso/rmitbot_eeet2610_ws/lesson3_ws/build/rmitbot_bringup' returned '0': CMAKE_PREFIX_PATH=${CMAKE_PREFIX_PATH}:/opt/ros/jazzy DEBUGINFOD_URLS=https://debuginfod.ubuntu.com /usr/bin/cmake --build /home/vudinhso/rmitbot_eeet2610_ws/lesson3_ws/build/rmitbot_bringup -- -j4 -l4
[1.058s] Invoking command in '/home/vudinhso/rmitbot_eeet2610_ws/lesson3_ws/build/rmitbot_bringup': CMAKE_PREFIX_PATH=${CMAKE_PREFIX_PATH}:/opt/ros/jazzy DEBUGINFOD_URLS=https://debuginfod.ubuntu.com /usr/bin/cmake --install /home/vudinhso/rmitbot_eeet2610_ws/lesson3_ws/build/rmitbot_bringup
[1.072s] -- Install configuration: ""
[1.072s] -- Installing: /home/vudinhso/rmitbot_eeet2610_ws/lesson3_ws/install/rmitbot_bringup/share/rmitbot_bringup/launch
[1.072s] -- Installing: /home/vudinhso/rmitbot_eeet2610_ws/lesson3_ws/install/rmitbot_bringup/share/rmitbot_bringup/launch/rmitbot.launch.py
[1.073s] -- Installing: /home/vudinhso/rmitbot_eeet2610_ws/lesson3_ws/install/rmitbot_bringup/share/ament_index/resource_index/package_run_dependencies/rmitbot_bringup
[1.073s] -- Installing: /home/vudinhso/rmitbot_eeet2610_ws/lesson3_ws/install/rmitbot_bringup/share/ament_index/resource_index/parent_prefix_path/rmitbot_bringup
[1.073s] -- Installing: /home/vudinhso/rmitbot_eeet2610_ws/lesson3_ws/install/rmitbot_bringup/share/rmitbot_bringup/environment/ament_prefix_path.sh
[1.073s] -- Installing: /home/vudinhso/rmitbot_eeet2610_ws/lesson3_ws/install/rmitbot_bringup/share/rmitbot_bringup/environment/ament_prefix_path.dsv
[1.073s] -- Installing: /home/vudinhso/rmitbot_eeet2610_ws/lesson3_ws/install/rmitbot_bringup/share/rmitbot_bringup/environment/path.sh
[1.073s] -- Installing: /home/vudinhso/rmitbot_eeet2610_ws/lesson3_ws/install/rmitbot_bringup/share/rmitbot_bringup/environment/path.dsv
[1.074s] -- Installing: /home/vudinhso/rmitbot_eeet2610_ws/lesson3_ws/install/rmitbot_bringup/share/rmitbot_bringup/local_setup.bash
[1.074s] -- Installing: /home/vudinhso/rmitbot_eeet2610_ws/lesson3_ws/install/rmitbot_bringup/share/rmitbot_bringup/local_setup.sh
[1.074s] -- Installing: /home/vudinhso/rmitbot_eeet2610_ws/lesson3_ws/install/rmitbot_bringup/share/rmitbot_bringup/local_setup.zsh
[1.074s] -- Installing: /home/vudinhso/rmitbot_eeet2610_ws/lesson3_ws/install/rmitbot_bringup/share/rmitbot_bringup/local_setup.dsv
[1.075s] -- Installing: /home/vudinhso/rmitbot_eeet2610_ws/lesson3_ws/install/rmitbot_bringup/share/rmitbot_bringup/package.dsv
[1.075s] -- Installing: /home/vudinhso/rmitbot_eeet2610_ws/lesson3_ws/install/rmitbot_bringup/share/ament_index/resource_index/packages/rmitbot_bringup
[1.075s] -- Installing: /home/vudinhso/rmitbot_eeet2610_ws/lesson3_ws/install/rmitbot_bringup/share/rmitbot_bringup/cmake/rmitbot_bringupConfig.cmake
[1.075s] -- Installing: /home/vudinhso/rmitbot_eeet2610_ws/lesson3_ws/install/rmitbot_bringup/share/rmitbot_bringup/cmake/rmitbot_bringupConfig-version.cmake
[1.075s] -- Installing: /home/vudinhso/rmitbot_eeet2610_ws/lesson3_ws/install/rmitbot_bringup/share/rmitbot_bringup/package.xml
[1.076s] Invoked command in '/home/vudinhso/rmitbot_eeet2610_ws/lesson3_ws/build/rmitbot_bringup' returned '0': CMAKE_PREFIX_PATH=${CMAKE_PREFIX_PATH}:/opt/ros/jazzy DEBUGINFOD_URLS=https://debuginfod.ubuntu.com /usr/bin/cmake --install /home/vudinhso/rmitbot_eeet2610_ws/lesson3_ws/build/rmitbot_bringup
