[0.107s] DEBUG:colcon:Command line arguments: ['/usr/bin/colcon', 'build']
[0.107s] DEBUG:colcon:Parsed command line arguments: Namespace(log_base=None, log_level=None, verb_name='build', build_base='build', install_base='install', merge_install=False, symlink_install=False, test_result_base=None, continue_on_error=False, executor='parallel', parallel_workers=4, event_handlers=None, ignore_user_meta=False, metas=['./colcon.meta'], base_paths=['.'], packages_ignore=None, packages_ignore_regex=None, paths=None, packages_up_to=None, packages_up_to_regex=None, packages_above=None, packages_above_and_dependencies=None, packages_above_depth=None, packages_select_by_dep=None, packages_skip_by_dep=None, packages_skip_up_to=None, packages_select_build_failed=False, packages_skip_build_finished=False, packages_select_test_failures=False, packages_skip_test_passed=False, packages_select=None, packages_skip=None, packages_select_regex=None, packages_skip_regex=None, packages_start=None, packages_end=None, allow_overriding=[], cmake_args=None, cmake_target=None, cmake_target_skip_unavailable=False, cmake_clean_cache=False, cmake_clean_first=False, cmake_force_configure=False, ament_cmake_args=None, catkin_cmake_args=None, catkin_skip_building_tests=False, mixin_files=None, mixin=None, verb_parser=<colcon_mixin.mixin.mixin_argument.MixinArgumentDecorator object at 0x7e77f81390d0>, verb_extension=<colcon_core.verb.build.BuildVerb object at 0x7e77f8138e30>, main=<bound method BuildVerb.main of <colcon_core.verb.build.BuildVerb object at 0x7e77f8138e30>>, mixin_verb=('build',))
[0.148s] Level 1:colcon.colcon_core.package_discovery:discover_packages(colcon_meta) check parameters
[0.148s] Level 1:colcon.colcon_core.package_discovery:discover_packages(recursive) check parameters
[0.148s] Level 1:colcon.colcon_core.package_discovery:discover_packages(ignore) check parameters
[0.148s] Level 1:colcon.colcon_core.package_discovery:discover_packages(path) check parameters
[0.148s] Level 1:colcon.colcon_core.package_discovery:discover_packages(colcon_meta) discover
[0.148s] Level 1:colcon.colcon_core.package_discovery:discover_packages(recursive) discover
[0.148s] INFO:colcon.colcon_core.package_discovery:Crawling recursively for packages in '/home/vudinhso/rmitbot_eeet2610_ws/lesson3_ws'
[0.148s] Level 1:colcon.colcon_core.package_identification:_identify(.) by extensions ['ignore', 'ignore_ament_install']
[0.148s] Level 1:colcon.colcon_core.package_identification:_identify(.) by extension 'ignore'
[0.148s] Level 1:colcon.colcon_core.package_identification:_identify(.) by extension 'ignore_ament_install'
[0.148s] Level 1:colcon.colcon_core.package_identification:_identify(.) by extensions ['colcon_pkg']
[0.148s] Level 1:colcon.colcon_core.package_identification:_identify(.) by extension 'colcon_pkg'
[0.148s] Level 1:colcon.colcon_core.package_identification:_identify(.) by extensions ['colcon_meta']
[0.148s] Level 1:colcon.colcon_core.package_identification:_identify(.) by extension 'colcon_meta'
[0.148s] Level 1:colcon.colcon_core.package_identification:_identify(.) by extensions ['ros']
[0.148s] Level 1:colcon.colcon_core.package_identification:_identify(.) by extension 'ros'
[0.194s] Level 1:colcon.colcon_core.package_identification:_identify(.) by extensions ['cmake', 'python']
[0.194s] Level 1:colcon.colcon_core.package_identification:_identify(.) by extension 'cmake'
[0.194s] Level 1:colcon.colcon_core.package_identification:_identify(.) by extension 'python'
[0.194s] Level 1:colcon.colcon_core.package_identification:_identify(.) by extensions ['python_setup_py']
[0.194s] Level 1:colcon.colcon_core.package_identification:_identify(.) by extension 'python_setup_py'
[0.194s] Level 1:colcon.colcon_core.package_identification:_identify(build) by extensions ['ignore', 'ignore_ament_install']
[0.194s] Level 1:colcon.colcon_core.package_identification:_identify(build) by extension 'ignore'
[0.194s] Level 1:colcon.colcon_core.package_identification:_identify(build) ignored
[0.194s] Level 1:colcon.colcon_core.package_identification:_identify(install) by extensions ['ignore', 'ignore_ament_install']
[0.194s] Level 1:colcon.colcon_core.package_identification:_identify(install) by extension 'ignore'
[0.194s] Level 1:colcon.colcon_core.package_identification:_identify(install) ignored
[0.195s] Level 1:colcon.colcon_core.package_identification:_identify(log) by extensions ['ignore', 'ignore_ament_install']
[0.195s] Level 1:colcon.colcon_core.package_identification:_identify(log) by extension 'ignore'
[0.195s] Level 1:colcon.colcon_core.package_identification:_identify(log) ignored
[0.195s] Level 1:colcon.colcon_core.package_identification:_identify(src) by extensions ['ignore', 'ignore_ament_install']
[0.195s] Level 1:colcon.colcon_core.package_identification:_identify(src) by extension 'ignore'
[0.195s] Level 1:colcon.colcon_core.package_identification:_identify(src) by extension 'ignore_ament_install'
[0.195s] Level 1:colcon.colcon_core.package_identification:_identify(src) by extensions ['colcon_pkg']
[0.195s] Level 1:colcon.colcon_core.package_identification:_identify(src) by extension 'colcon_pkg'
[0.195s] Level 1:colcon.colcon_core.package_identification:_identify(src) by extensions ['colcon_meta']
[0.195s] Level 1:colcon.colcon_core.package_identification:_identify(src) by extension 'colcon_meta'
[0.195s] Level 1:colcon.colcon_core.package_identification:_identify(src) by extensions ['ros']
[0.195s] Level 1:colcon.colcon_core.package_identification:_identify(src) by extension 'ros'
[0.195s] Level 1:colcon.colcon_core.package_identification:_identify(src) by extensions ['cmake', 'python']
[0.195s] Level 1:colcon.colcon_core.package_identification:_identify(src) by extension 'cmake'
[0.195s] Level 1:colcon.colcon_core.package_identification:_identify(src) by extension 'python'
[0.195s] Level 1:colcon.colcon_core.package_identification:_identify(src) by extensions ['python_setup_py']
[0.195s] Level 1:colcon.colcon_core.package_identification:_identify(src) by extension 'python_setup_py'
[0.195s] Level 1:colcon.colcon_core.package_identification:_identify(src/rmitbot_bringup) by extensions ['ignore', 'ignore_ament_install']
[0.196s] Level 1:colcon.colcon_core.package_identification:_identify(src/rmitbot_bringup) by extension 'ignore'
[0.196s] Level 1:colcon.colcon_core.package_identification:_identify(src/rmitbot_bringup) by extension 'ignore_ament_install'
[0.196s] Level 1:colcon.colcon_core.package_identification:_identify(src/rmitbot_bringup) by extensions ['colcon_pkg']
[0.196s] Level 1:colcon.colcon_core.package_identification:_identify(src/rmitbot_bringup) by extension 'colcon_pkg'
[0.196s] Level 1:colcon.colcon_core.package_identification:_identify(src/rmitbot_bringup) by extensions ['colcon_meta']
[0.196s] Level 1:colcon.colcon_core.package_identification:_identify(src/rmitbot_bringup) by extension 'colcon_meta'
[0.196s] Level 1:colcon.colcon_core.package_identification:_identify(src/rmitbot_bringup) by extensions ['ros']
[0.196s] Level 1:colcon.colcon_core.package_identification:_identify(src/rmitbot_bringup) by extension 'ros'
[0.198s] DEBUG:colcon.colcon_core.package_identification:Package 'src/rmitbot_bringup' with type 'ros.ament_cmake' and name 'rmitbot_bringup'
[0.198s] Level 1:colcon.colcon_core.package_identification:_identify(src/rmitbot_controller) by extensions ['ignore', 'ignore_ament_install']
[0.198s] Level 1:colcon.colcon_core.package_identification:_identify(src/rmitbot_controller) by extension 'ignore'
[0.198s] Level 1:colcon.colcon_core.package_identification:_identify(src/rmitbot_controller) by extension 'ignore_ament_install'
[0.198s] Level 1:colcon.colcon_core.package_identification:_identify(src/rmitbot_controller) by extensions ['colcon_pkg']
[0.198s] Level 1:colcon.colcon_core.package_identification:_identify(src/rmitbot_controller) by extension 'colcon_pkg'
[0.199s] Level 1:colcon.colcon_core.package_identification:_identify(src/rmitbot_controller) by extensions ['colcon_meta']
[0.199s] Level 1:colcon.colcon_core.package_identification:_identify(src/rmitbot_controller) by extension 'colcon_meta'
[0.199s] Level 1:colcon.colcon_core.package_identification:_identify(src/rmitbot_controller) by extensions ['ros']
[0.199s] Level 1:colcon.colcon_core.package_identification:_identify(src/rmitbot_controller) by extension 'ros'
[0.199s] DEBUG:colcon.colcon_core.package_identification:Package 'src/rmitbot_controller' with type 'ros.ament_cmake' and name 'rmitbot_controller'
[0.199s] Level 1:colcon.colcon_core.package_identification:_identify(src/rmitbot_description) by extensions ['ignore', 'ignore_ament_install']
[0.199s] Level 1:colcon.colcon_core.package_identification:_identify(src/rmitbot_description) by extension 'ignore'
[0.199s] Level 1:colcon.colcon_core.package_identification:_identify(src/rmitbot_description) by extension 'ignore_ament_install'
[0.199s] Level 1:colcon.colcon_core.package_identification:_identify(src/rmitbot_description) by extensions ['colcon_pkg']
[0.199s] Level 1:colcon.colcon_core.package_identification:_identify(src/rmitbot_description) by extension 'colcon_pkg'
[0.200s] Level 1:colcon.colcon_core.package_identification:_identify(src/rmitbot_description) by extensions ['colcon_meta']
[0.200s] Level 1:colcon.colcon_core.package_identification:_identify(src/rmitbot_description) by extension 'colcon_meta'
[0.200s] Level 1:colcon.colcon_core.package_identification:_identify(src/rmitbot_description) by extensions ['ros']
[0.200s] Level 1:colcon.colcon_core.package_identification:_identify(src/rmitbot_description) by extension 'ros'
[0.200s] DEBUG:colcon.colcon_core.package_identification:Package 'src/rmitbot_description' with type 'ros.ament_cmake' and name 'rmitbot_description'
[0.200s] Level 1:colcon.colcon_core.package_discovery:discover_packages(recursive) using defaults
[0.200s] Level 1:colcon.colcon_core.package_discovery:discover_packages(ignore) discover
[0.200s] Level 1:colcon.colcon_core.package_discovery:discover_packages(ignore) using defaults
[0.200s] Level 1:colcon.colcon_core.package_discovery:discover_packages(path) discover
[0.200s] Level 1:colcon.colcon_core.package_discovery:discover_packages(path) using defaults
[0.222s] Level 1:colcon.colcon_core.package_discovery:discover_packages(prefix_path) check parameters
[0.223s] Level 1:colcon.colcon_core.package_discovery:discover_packages(prefix_path) discover
[0.225s] DEBUG:colcon.colcon_installed_package_information.package_discovery:Found 3 installed packages in /home/vudinhso/rmitbot_eeet2610_ws/lesson3_ws/install
[0.227s] DEBUG:colcon.colcon_installed_package_information.package_discovery:Found 445 installed packages in /opt/ros/jazzy
[0.229s] Level 1:colcon.colcon_core.package_discovery:discover_packages(prefix_path) using defaults
[0.290s] Level 5:colcon.colcon_core.verb:set package 'rmitbot_bringup' build argument 'cmake_args' from command line to 'None'
[0.290s] Level 5:colcon.colcon_core.verb:set package 'rmitbot_bringup' build argument 'cmake_target' from command line to 'None'
[0.290s] Level 5:colcon.colcon_core.verb:set package 'rmitbot_bringup' build argument 'cmake_target_skip_unavailable' from command line to 'False'
[0.290s] Level 5:colcon.colcon_core.verb:set package 'rmitbot_bringup' build argument 'cmake_clean_cache' from command line to 'False'
[0.290s] Level 5:colcon.colcon_core.verb:set package 'rmitbot_bringup' build argument 'cmake_clean_first' from command line to 'False'
[0.290s] Level 5:colcon.colcon_core.verb:set package 'rmitbot_bringup' build argument 'cmake_force_configure' from command line to 'False'
[0.290s] Level 5:colcon.colcon_core.verb:set package 'rmitbot_bringup' build argument 'ament_cmake_args' from command line to 'None'
[0.290s] Level 5:colcon.colcon_core.verb:set package 'rmitbot_bringup' build argument 'catkin_cmake_args' from command line to 'None'
[0.290s] Level 5:colcon.colcon_core.verb:set package 'rmitbot_bringup' build argument 'catkin_skip_building_tests' from command line to 'False'
[0.290s] DEBUG:colcon.colcon_core.verb:Building package 'rmitbot_bringup' with the following arguments: {'ament_cmake_args': None, 'build_base': '/home/vudinhso/rmitbot_eeet2610_ws/lesson3_ws/build/rmitbot_bringup', 'catkin_cmake_args': None, 'catkin_skip_building_tests': False, 'cmake_args': None, 'cmake_clean_cache': False, 'cmake_clean_first': False, 'cmake_force_configure': False, 'cmake_target': None, 'cmake_target_skip_unavailable': False, 'install_base': '/home/vudinhso/rmitbot_eeet2610_ws/lesson3_ws/install/rmitbot_bringup', 'merge_install': False, 'path': '/home/vudinhso/rmitbot_eeet2610_ws/lesson3_ws/src/rmitbot_bringup', 'symlink_install': False, 'test_result_base': None}
[0.290s] Level 5:colcon.colcon_core.verb:set package 'rmitbot_controller' build argument 'cmake_args' from command line to 'None'
[0.290s] Level 5:colcon.colcon_core.verb:set package 'rmitbot_controller' build argument 'cmake_target' from command line to 'None'
[0.290s] Level 5:colcon.colcon_core.verb:set package 'rmitbot_controller' build argument 'cmake_target_skip_unavailable' from command line to 'False'
[0.290s] Level 5:colcon.colcon_core.verb:set package 'rmitbot_controller' build argument 'cmake_clean_cache' from command line to 'False'
[0.290s] Level 5:colcon.colcon_core.verb:set package 'rmitbot_controller' build argument 'cmake_clean_first' from command line to 'False'
[0.290s] Level 5:colcon.colcon_core.verb:set package 'rmitbot_controller' build argument 'cmake_force_configure' from command line to 'False'
[0.291s] Level 5:colcon.colcon_core.verb:set package 'rmitbot_controller' build argument 'ament_cmake_args' from command line to 'None'
[0.291s] Level 5:colcon.colcon_core.verb:set package 'rmitbot_controller' build argument 'catkin_cmake_args' from command line to 'None'
[0.291s] Level 5:colcon.colcon_core.verb:set package 'rmitbot_controller' build argument 'catkin_skip_building_tests' from command line to 'False'
[0.291s] DEBUG:colcon.colcon_core.verb:Building package 'rmitbot_controller' with the following arguments: {'ament_cmake_args': None, 'build_base': '/home/vudinhso/rmitbot_eeet2610_ws/lesson3_ws/build/rmitbot_controller', 'catkin_cmake_args': None, 'catkin_skip_building_tests': False, 'cmake_args': None, 'cmake_clean_cache': False, 'cmake_clean_first': False, 'cmake_force_configure': False, 'cmake_target': None, 'cmake_target_skip_unavailable': False, 'install_base': '/home/vudinhso/rmitbot_eeet2610_ws/lesson3_ws/install/rmitbot_controller', 'merge_install': False, 'path': '/home/vudinhso/rmitbot_eeet2610_ws/lesson3_ws/src/rmitbot_controller', 'symlink_install': False, 'test_result_base': None}
[0.291s] Level 5:colcon.colcon_core.verb:set package 'rmitbot_description' build argument 'cmake_args' from command line to 'None'
[0.291s] Level 5:colcon.colcon_core.verb:set package 'rmitbot_description' build argument 'cmake_target' from command line to 'None'
[0.291s] Level 5:colcon.colcon_core.verb:set package 'rmitbot_description' build argument 'cmake_target_skip_unavailable' from command line to 'False'
[0.291s] Level 5:colcon.colcon_core.verb:set package 'rmitbot_description' build argument 'cmake_clean_cache' from command line to 'False'
[0.291s] Level 5:colcon.colcon_core.verb:set package 'rmitbot_description' build argument 'cmake_clean_first' from command line to 'False'
[0.291s] Level 5:colcon.colcon_core.verb:set package 'rmitbot_description' build argument 'cmake_force_configure' from command line to 'False'
[0.291s] Level 5:colcon.colcon_core.verb:set package 'rmitbot_description' build argument 'ament_cmake_args' from command line to 'None'
[0.291s] Level 5:colcon.colcon_core.verb:set package 'rmitbot_description' build argument 'catkin_cmake_args' from command line to 'None'
[0.291s] Level 5:colcon.colcon_core.verb:set package 'rmitbot_description' build argument 'catkin_skip_building_tests' from command line to 'False'
[0.291s] DEBUG:colcon.colcon_core.verb:Building package 'rmitbot_description' with the following arguments: {'ament_cmake_args': None, 'build_base': '/home/vudinhso/rmitbot_eeet2610_ws/lesson3_ws/build/rmitbot_description', 'catkin_cmake_args': None, 'catkin_skip_building_tests': False, 'cmake_args': None, 'cmake_clean_cache': False, 'cmake_clean_first': False, 'cmake_force_configure': False, 'cmake_target': None, 'cmake_target_skip_unavailable': False, 'install_base': '/home/vudinhso/rmitbot_eeet2610_ws/lesson3_ws/install/rmitbot_description', 'merge_install': False, 'path': '/home/vudinhso/rmitbot_eeet2610_ws/lesson3_ws/src/rmitbot_description', 'symlink_install': False, 'test_result_base': None}
[0.291s] INFO:colcon.colcon_core.executor:Executing jobs using 'parallel' executor
[0.293s] DEBUG:colcon.colcon_parallel_executor.executor.parallel:run_until_complete
[0.294s] INFO:colcon.colcon_ros.task.ament_cmake.build:Building ROS package in '/home/vudinhso/rmitbot_eeet2610_ws/lesson3_ws/src/rmitbot_bringup' with build type 'ament_cmake'
[0.294s] INFO:colcon.colcon_cmake.task.cmake.build:Building CMake package in '/home/vudinhso/rmitbot_eeet2610_ws/lesson3_ws/src/rmitbot_bringup'
[0.298s] INFO:colcon.colcon_core.plugin_system:Skipping extension 'colcon_core.shell.bat': Not used on non-Windows systems
[0.299s] INFO:colcon.colcon_core.shell:Skip shell extension 'powershell' for command environment: Not usable outside of PowerShell
[0.299s] DEBUG:colcon.colcon_core.shell:Skip shell extension 'dsv' for command environment
[0.309s] INFO:colcon.colcon_ros.task.ament_cmake.build:Building ROS package in '/home/vudinhso/rmitbot_eeet2610_ws/lesson3_ws/src/rmitbot_controller' with build type 'ament_cmake'
[0.309s] INFO:colcon.colcon_cmake.task.cmake.build:Building CMake package in '/home/vudinhso/rmitbot_eeet2610_ws/lesson3_ws/src/rmitbot_controller'
[0.310s] INFO:colcon.colcon_core.shell:Skip shell extension 'powershell' for command environment: Not usable outside of PowerShell
[0.310s] DEBUG:colcon.colcon_core.shell:Skip shell extension 'dsv' for command environment
[0.315s] INFO:colcon.colcon_ros.task.ament_cmake.build:Building ROS package in '/home/vudinhso/rmitbot_eeet2610_ws/lesson3_ws/src/rmitbot_description' with build type 'ament_cmake'
[0.316s] INFO:colcon.colcon_cmake.task.cmake.build:Building CMake package in '/home/vudinhso/rmitbot_eeet2610_ws/lesson3_ws/src/rmitbot_description'
[0.316s] INFO:colcon.colcon_core.shell:Skip shell extension 'powershell' for command environment: Not usable outside of PowerShell
[0.316s] DEBUG:colcon.colcon_core.shell:Skip shell extension 'dsv' for command environment
[0.336s] DEBUG:colcon.colcon_core.event_handler.log_command:Invoking command in '/home/vudinhso/rmitbot_eeet2610_ws/lesson3_ws/build/rmitbot_bringup': CMAKE_PREFIX_PATH=${CMAKE_PREFIX_PATH}:/opt/ros/jazzy DEBUGINFOD_URLS=https://debuginfod.ubuntu.com /usr/bin/cmake --build /home/vudinhso/rmitbot_eeet2610_ws/lesson3_ws/build/rmitbot_bringup -- -j4 -l4
[0.341s] DEBUG:colcon.colcon_core.event_handler.log_command:Invoking command in '/home/vudinhso/rmitbot_eeet2610_ws/lesson3_ws/build/rmitbot_controller': CMAKE_PREFIX_PATH=${CMAKE_PREFIX_PATH}:/opt/ros/jazzy DEBUGINFOD_URLS=https://debuginfod.ubuntu.com /usr/bin/cmake --build /home/vudinhso/rmitbot_eeet2610_ws/lesson3_ws/build/rmitbot_controller -- -j4 -l4
[0.347s] DEBUG:colcon.colcon_core.event_handler.log_command:Invoking command in '/home/vudinhso/rmitbot_eeet2610_ws/lesson3_ws/build/rmitbot_description': CMAKE_PREFIX_PATH=${CMAKE_PREFIX_PATH}:/opt/ros/jazzy DEBUGINFOD_URLS=https://debuginfod.ubuntu.com /usr/bin/cmake --build /home/vudinhso/rmitbot_eeet2610_ws/lesson3_ws/build/rmitbot_description -- -j4 -l4
[0.404s] DEBUG:colcon.colcon_core.event_handler.log_command:Invoked command in '/home/vudinhso/rmitbot_eeet2610_ws/lesson3_ws/build/rmitbot_bringup' returned '0': CMAKE_PREFIX_PATH=${CMAKE_PREFIX_PATH}:/opt/ros/jazzy DEBUGINFOD_URLS=https://debuginfod.ubuntu.com /usr/bin/cmake --build /home/vudinhso/rmitbot_eeet2610_ws/lesson3_ws/build/rmitbot_bringup -- -j4 -l4
[0.415s] DEBUG:colcon.colcon_core.event_handler.log_command:Invoking command in '/home/vudinhso/rmitbot_eeet2610_ws/lesson3_ws/build/rmitbot_bringup': CMAKE_PREFIX_PATH=${CMAKE_PREFIX_PATH}:/opt/ros/jazzy DEBUGINFOD_URLS=https://debuginfod.ubuntu.com /usr/bin/cmake --install /home/vudinhso/rmitbot_eeet2610_ws/lesson3_ws/build/rmitbot_bringup
[0.417s] DEBUG:colcon.colcon_core.event_handler.log_command:Invoked command in '/home/vudinhso/rmitbot_eeet2610_ws/lesson3_ws/build/rmitbot_controller' returned '0': CMAKE_PREFIX_PATH=${CMAKE_PREFIX_PATH}:/opt/ros/jazzy DEBUGINFOD_URLS=https://debuginfod.ubuntu.com /usr/bin/cmake --build /home/vudinhso/rmitbot_eeet2610_ws/lesson3_ws/build/rmitbot_controller -- -j4 -l4
[0.419s] DEBUG:colcon.colcon_core.event_handler.log_command:Invoking command in '/home/vudinhso/rmitbot_eeet2610_ws/lesson3_ws/build/rmitbot_controller': CMAKE_PREFIX_PATH=${CMAKE_PREFIX_PATH}:/opt/ros/jazzy DEBUGINFOD_URLS=https://debuginfod.ubuntu.com /usr/bin/cmake --install /home/vudinhso/rmitbot_eeet2610_ws/lesson3_ws/build/rmitbot_controller
[0.420s] DEBUG:colcon.colcon_core.event_handler.log_command:Invoked command in '/home/vudinhso/rmitbot_eeet2610_ws/lesson3_ws/build/rmitbot_description' returned '0': CMAKE_PREFIX_PATH=${CMAKE_PREFIX_PATH}:/opt/ros/jazzy DEBUGINFOD_URLS=https://debuginfod.ubuntu.com /usr/bin/cmake --build /home/vudinhso/rmitbot_eeet2610_ws/lesson3_ws/build/rmitbot_description -- -j4 -l4
[0.423s] DEBUG:colcon.colcon_core.event_handler.log_command:Invoking command in '/home/vudinhso/rmitbot_eeet2610_ws/lesson3_ws/build/rmitbot_description': CMAKE_PREFIX_PATH=${CMAKE_PREFIX_PATH}:/opt/ros/jazzy DEBUGINFOD_URLS=https://debuginfod.ubuntu.com /usr/bin/cmake --install /home/vudinhso/rmitbot_eeet2610_ws/lesson3_ws/build/rmitbot_description
[0.431s] Level 1:colcon.colcon_core.environment:create_environment_scripts_only(rmitbot_bringup)
[0.436s] DEBUG:colcon.colcon_core.event_handler.log_command:Invoked command in '/home/vudinhso/rmitbot_eeet2610_ws/lesson3_ws/build/rmitbot_bringup' returned '0': CMAKE_PREFIX_PATH=${CMAKE_PREFIX_PATH}:/opt/ros/jazzy DEBUGINFOD_URLS=https://debuginfod.ubuntu.com /usr/bin/cmake --install /home/vudinhso/rmitbot_eeet2610_ws/lesson3_ws/build/rmitbot_bringup
[0.444s] Level 1:colcon.colcon_core.environment:checking '/home/vudinhso/rmitbot_eeet2610_ws/lesson3_ws/install/rmitbot_bringup' for CMake module files
[0.446s] Level 1:colcon.colcon_core.environment:checking '/home/vudinhso/rmitbot_eeet2610_ws/lesson3_ws/install/rmitbot_bringup' for CMake config files
[0.446s] Level 1:colcon.colcon_core.shell:create_environment_hook('rmitbot_bringup', 'cmake_prefix_path')
[0.446s] INFO:colcon.colcon_core.shell:Creating environment hook '/home/vudinhso/rmitbot_eeet2610_ws/lesson3_ws/install/rmitbot_bringup/share/rmitbot_bringup/hook/cmake_prefix_path.ps1'
[0.447s] INFO:colcon.colcon_core.shell:Creating environment descriptor '/home/vudinhso/rmitbot_eeet2610_ws/lesson3_ws/install/rmitbot_bringup/share/rmitbot_bringup/hook/cmake_prefix_path.dsv'
[0.448s] INFO:colcon.colcon_core.shell:Creating environment hook '/home/vudinhso/rmitbot_eeet2610_ws/lesson3_ws/install/rmitbot_bringup/share/rmitbot_bringup/hook/cmake_prefix_path.sh'
[0.449s] Level 1:colcon.colcon_core.environment:checking '/home/vudinhso/rmitbot_eeet2610_ws/lesson3_ws/install/rmitbot_bringup/bin'
[0.449s] Level 1:colcon.colcon_core.environment:checking '/home/vudinhso/rmitbot_eeet2610_ws/lesson3_ws/install/rmitbot_bringup/lib/pkgconfig/rmitbot_bringup.pc'
[0.449s] Level 1:colcon.colcon_core.environment:checking '/home/vudinhso/rmitbot_eeet2610_ws/lesson3_ws/install/rmitbot_bringup/lib/python3.12/site-packages'
[0.449s] Level 1:colcon.colcon_core.environment:checking '/home/vudinhso/rmitbot_eeet2610_ws/lesson3_ws/install/rmitbot_bringup/bin'
[0.449s] INFO:colcon.colcon_core.shell:Creating package script '/home/vudinhso/rmitbot_eeet2610_ws/lesson3_ws/install/rmitbot_bringup/share/rmitbot_bringup/package.ps1'
[0.450s] INFO:colcon.colcon_core.shell:Creating package descriptor '/home/vudinhso/rmitbot_eeet2610_ws/lesson3_ws/install/rmitbot_bringup/share/rmitbot_bringup/package.dsv'
[0.451s] INFO:colcon.colcon_core.shell:Creating package script '/home/vudinhso/rmitbot_eeet2610_ws/lesson3_ws/install/rmitbot_bringup/share/rmitbot_bringup/package.sh'
[0.451s] INFO:colcon.colcon_core.shell:Creating package script '/home/vudinhso/rmitbot_eeet2610_ws/lesson3_ws/install/rmitbot_bringup/share/rmitbot_bringup/package.bash'
[0.452s] INFO:colcon.colcon_core.shell:Creating package script '/home/vudinhso/rmitbot_eeet2610_ws/lesson3_ws/install/rmitbot_bringup/share/rmitbot_bringup/package.zsh'
[0.452s] Level 1:colcon.colcon_core.environment:create_file_with_runtime_dependencies(/home/vudinhso/rmitbot_eeet2610_ws/lesson3_ws/install/rmitbot_bringup/share/colcon-core/packages/rmitbot_bringup)
[0.453s] Level 1:colcon.colcon_core.environment:create_environment_scripts_only(rmitbot_bringup)
[0.453s] Level 1:colcon.colcon_core.environment:checking '/home/vudinhso/rmitbot_eeet2610_ws/lesson3_ws/install/rmitbot_bringup' for CMake module files
[0.453s] Level 1:colcon.colcon_core.environment:checking '/home/vudinhso/rmitbot_eeet2610_ws/lesson3_ws/install/rmitbot_bringup' for CMake config files
[0.454s] Level 1:colcon.colcon_core.shell:create_environment_hook('rmitbot_bringup', 'cmake_prefix_path')
[0.454s] INFO:colcon.colcon_core.shell:Creating environment hook '/home/vudinhso/rmitbot_eeet2610_ws/lesson3_ws/install/rmitbot_bringup/share/rmitbot_bringup/hook/cmake_prefix_path.ps1'
[0.454s] INFO:colcon.colcon_core.shell:Creating environment descriptor '/home/vudinhso/rmitbot_eeet2610_ws/lesson3_ws/install/rmitbot_bringup/share/rmitbot_bringup/hook/cmake_prefix_path.dsv'
[0.454s] INFO:colcon.colcon_core.shell:Creating environment hook '/home/vudinhso/rmitbot_eeet2610_ws/lesson3_ws/install/rmitbot_bringup/share/rmitbot_bringup/hook/cmake_prefix_path.sh'
[0.455s] Level 1:colcon.colcon_core.environment:checking '/home/vudinhso/rmitbot_eeet2610_ws/lesson3_ws/install/rmitbot_bringup/bin'
[0.455s] Level 1:colcon.colcon_core.environment:checking '/home/vudinhso/rmitbot_eeet2610_ws/lesson3_ws/install/rmitbot_bringup/lib/pkgconfig/rmitbot_bringup.pc'
[0.455s] Level 1:colcon.colcon_core.environment:checking '/home/vudinhso/rmitbot_eeet2610_ws/lesson3_ws/install/rmitbot_bringup/lib/python3.12/site-packages'
[0.455s] Level 1:colcon.colcon_core.environment:checking '/home/vudinhso/rmitbot_eeet2610_ws/lesson3_ws/install/rmitbot_bringup/bin'
[0.456s] INFO:colcon.colcon_core.shell:Creating package script '/home/vudinhso/rmitbot_eeet2610_ws/lesson3_ws/install/rmitbot_bringup/share/rmitbot_bringup/package.ps1'
[0.456s] INFO:colcon.colcon_core.shell:Creating package descriptor '/home/vudinhso/rmitbot_eeet2610_ws/lesson3_ws/install/rmitbot_bringup/share/rmitbot_bringup/package.dsv'
[0.457s] INFO:colcon.colcon_core.shell:Creating package script '/home/vudinhso/rmitbot_eeet2610_ws/lesson3_ws/install/rmitbot_bringup/share/rmitbot_bringup/package.sh'
[0.458s] INFO:colcon.colcon_core.shell:Creating package script '/home/vudinhso/rmitbot_eeet2610_ws/lesson3_ws/install/rmitbot_bringup/share/rmitbot_bringup/package.bash'
[0.458s] INFO:colcon.colcon_core.shell:Creating package script '/home/vudinhso/rmitbot_eeet2610_ws/lesson3_ws/install/rmitbot_bringup/share/rmitbot_bringup/package.zsh'
[0.458s] Level 1:colcon.colcon_core.environment:create_file_with_runtime_dependencies(/home/vudinhso/rmitbot_eeet2610_ws/lesson3_ws/install/rmitbot_bringup/share/colcon-core/packages/rmitbot_bringup)
[0.460s] Level 1:colcon.colcon_core.environment:create_environment_scripts_only(rmitbot_controller)
[0.460s] Level 1:colcon.colcon_core.environment:checking '/home/vudinhso/rmitbot_eeet2610_ws/lesson3_ws/install/rmitbot_controller' for CMake module files
[0.461s] DEBUG:colcon.colcon_core.event_handler.log_command:Invoked command in '/home/vudinhso/rmitbot_eeet2610_ws/lesson3_ws/build/rmitbot_controller' returned '0': CMAKE_PREFIX_PATH=${CMAKE_PREFIX_PATH}:/opt/ros/jazzy DEBUGINFOD_URLS=https://debuginfod.ubuntu.com /usr/bin/cmake --install /home/vudinhso/rmitbot_eeet2610_ws/lesson3_ws/build/rmitbot_controller
[0.462s] Level 1:colcon.colcon_core.environment:checking '/home/vudinhso/rmitbot_eeet2610_ws/lesson3_ws/install/rmitbot_controller' for CMake config files
[0.462s] Level 1:colcon.colcon_core.shell:create_environment_hook('rmitbot_controller', 'cmake_prefix_path')
[0.462s] INFO:colcon.colcon_core.shell:Creating environment hook '/home/vudinhso/rmitbot_eeet2610_ws/lesson3_ws/install/rmitbot_controller/share/rmitbot_controller/hook/cmake_prefix_path.ps1'
[0.463s] INFO:colcon.colcon_core.shell:Creating environment descriptor '/home/vudinhso/rmitbot_eeet2610_ws/lesson3_ws/install/rmitbot_controller/share/rmitbot_controller/hook/cmake_prefix_path.dsv'
[0.463s] INFO:colcon.colcon_core.shell:Creating environment hook '/home/vudinhso/rmitbot_eeet2610_ws/lesson3_ws/install/rmitbot_controller/share/rmitbot_controller/hook/cmake_prefix_path.sh'
[0.464s] Level 1:colcon.colcon_core.environment:checking '/home/vudinhso/rmitbot_eeet2610_ws/lesson3_ws/install/rmitbot_controller/bin'
[0.467s] Level 1:colcon.colcon_core.environment:checking '/home/vudinhso/rmitbot_eeet2610_ws/lesson3_ws/install/rmitbot_controller/lib/pkgconfig/rmitbot_controller.pc'
[0.467s] Level 1:colcon.colcon_core.environment:checking '/home/vudinhso/rmitbot_eeet2610_ws/lesson3_ws/install/rmitbot_controller/lib/python3.12/site-packages'
[0.467s] Level 1:colcon.colcon_core.environment:checking '/home/vudinhso/rmitbot_eeet2610_ws/lesson3_ws/install/rmitbot_controller/bin'
[0.467s] INFO:colcon.colcon_core.shell:Creating package script '/home/vudinhso/rmitbot_eeet2610_ws/lesson3_ws/install/rmitbot_controller/share/rmitbot_controller/package.ps1'
[0.468s] INFO:colcon.colcon_core.shell:Creating package descriptor '/home/vudinhso/rmitbot_eeet2610_ws/lesson3_ws/install/rmitbot_controller/share/rmitbot_controller/package.dsv'
[0.469s] INFO:colcon.colcon_core.shell:Creating package script '/home/vudinhso/rmitbot_eeet2610_ws/lesson3_ws/install/rmitbot_controller/share/rmitbot_controller/package.sh'
[0.470s] INFO:colcon.colcon_core.shell:Creating package script '/home/vudinhso/rmitbot_eeet2610_ws/lesson3_ws/install/rmitbot_controller/share/rmitbot_controller/package.bash'
[0.470s] INFO:colcon.colcon_core.shell:Creating package script '/home/vudinhso/rmitbot_eeet2610_ws/lesson3_ws/install/rmitbot_controller/share/rmitbot_controller/package.zsh'
[0.470s] Level 1:colcon.colcon_core.environment:create_file_with_runtime_dependencies(/home/vudinhso/rmitbot_eeet2610_ws/lesson3_ws/install/rmitbot_controller/share/colcon-core/packages/rmitbot_controller)
[0.471s] Level 1:colcon.colcon_core.environment:create_environment_scripts_only(rmitbot_controller)
[0.471s] Level 1:colcon.colcon_core.environment:checking '/home/vudinhso/rmitbot_eeet2610_ws/lesson3_ws/install/rmitbot_controller' for CMake module files
[0.472s] Level 1:colcon.colcon_core.environment:checking '/home/vudinhso/rmitbot_eeet2610_ws/lesson3_ws/install/rmitbot_controller' for CMake config files
[0.472s] Level 1:colcon.colcon_core.shell:create_environment_hook('rmitbot_controller', 'cmake_prefix_path')
[0.472s] INFO:colcon.colcon_core.shell:Creating environment hook '/home/vudinhso/rmitbot_eeet2610_ws/lesson3_ws/install/rmitbot_controller/share/rmitbot_controller/hook/cmake_prefix_path.ps1'
[0.473s] INFO:colcon.colcon_core.shell:Creating environment descriptor '/home/vudinhso/rmitbot_eeet2610_ws/lesson3_ws/install/rmitbot_controller/share/rmitbot_controller/hook/cmake_prefix_path.dsv'
[0.473s] INFO:colcon.colcon_core.shell:Creating environment hook '/home/vudinhso/rmitbot_eeet2610_ws/lesson3_ws/install/rmitbot_controller/share/rmitbot_controller/hook/cmake_prefix_path.sh'
[0.474s] Level 1:colcon.colcon_core.environment:checking '/home/vudinhso/rmitbot_eeet2610_ws/lesson3_ws/install/rmitbot_controller/bin'
[0.474s] Level 1:colcon.colcon_core.environment:checking '/home/vudinhso/rmitbot_eeet2610_ws/lesson3_ws/install/rmitbot_controller/lib/pkgconfig/rmitbot_controller.pc'
[0.474s] Level 1:colcon.colcon_core.environment:checking '/home/vudinhso/rmitbot_eeet2610_ws/lesson3_ws/install/rmitbot_controller/lib/python3.12/site-packages'
[0.474s] Level 1:colcon.colcon_core.environment:checking '/home/vudinhso/rmitbot_eeet2610_ws/lesson3_ws/install/rmitbot_controller/bin'
[0.474s] INFO:colcon.colcon_core.shell:Creating package script '/home/vudinhso/rmitbot_eeet2610_ws/lesson3_ws/install/rmitbot_controller/share/rmitbot_controller/package.ps1'
[0.475s] INFO:colcon.colcon_core.shell:Creating package descriptor '/home/vudinhso/rmitbot_eeet2610_ws/lesson3_ws/install/rmitbot_controller/share/rmitbot_controller/package.dsv'
[0.475s] INFO:colcon.colcon_core.shell:Creating package script '/home/vudinhso/rmitbot_eeet2610_ws/lesson3_ws/install/rmitbot_controller/share/rmitbot_controller/package.sh'
[0.476s] INFO:colcon.colcon_core.shell:Creating package script '/home/vudinhso/rmitbot_eeet2610_ws/lesson3_ws/install/rmitbot_controller/share/rmitbot_controller/package.bash'
[0.476s] INFO:colcon.colcon_core.shell:Creating package script '/home/vudinhso/rmitbot_eeet2610_ws/lesson3_ws/install/rmitbot_controller/share/rmitbot_controller/package.zsh'
[0.477s] Level 1:colcon.colcon_core.environment:create_file_with_runtime_dependencies(/home/vudinhso/rmitbot_eeet2610_ws/lesson3_ws/install/rmitbot_controller/share/colcon-core/packages/rmitbot_controller)
[0.477s] Level 1:colcon.colcon_core.environment:create_environment_scripts_only(rmitbot_description)
[0.477s] Level 1:colcon.colcon_core.environment:checking '/home/vudinhso/rmitbot_eeet2610_ws/lesson3_ws/install/rmitbot_description' for CMake module files
[0.478s] DEBUG:colcon.colcon_core.event_handler.log_command:Invoked command in '/home/vudinhso/rmitbot_eeet2610_ws/lesson3_ws/build/rmitbot_description' returned '0': CMAKE_PREFIX_PATH=${CMAKE_PREFIX_PATH}:/opt/ros/jazzy DEBUGINFOD_URLS=https://debuginfod.ubuntu.com /usr/bin/cmake --install /home/vudinhso/rmitbot_eeet2610_ws/lesson3_ws/build/rmitbot_description
[0.479s] Level 1:colcon.colcon_core.environment:checking '/home/vudinhso/rmitbot_eeet2610_ws/lesson3_ws/install/rmitbot_description' for CMake config files
[0.479s] Level 1:colcon.colcon_core.shell:create_environment_hook('rmitbot_description', 'cmake_prefix_path')
[0.480s] INFO:colcon.colcon_core.shell:Creating environment hook '/home/vudinhso/rmitbot_eeet2610_ws/lesson3_ws/install/rmitbot_description/share/rmitbot_description/hook/cmake_prefix_path.ps1'
[0.480s] INFO:colcon.colcon_core.shell:Creating environment descriptor '/home/vudinhso/rmitbot_eeet2610_ws/lesson3_ws/install/rmitbot_description/share/rmitbot_description/hook/cmake_prefix_path.dsv'
[0.481s] INFO:colcon.colcon_core.shell:Creating environment hook '/home/vudinhso/rmitbot_eeet2610_ws/lesson3_ws/install/rmitbot_description/share/rmitbot_description/hook/cmake_prefix_path.sh'
[0.481s] Level 1:colcon.colcon_core.environment:checking '/home/vudinhso/rmitbot_eeet2610_ws/lesson3_ws/install/rmitbot_description/bin'
[0.481s] Level 1:colcon.colcon_core.environment:checking '/home/vudinhso/rmitbot_eeet2610_ws/lesson3_ws/install/rmitbot_description/lib/pkgconfig/rmitbot_description.pc'
[0.482s] Level 1:colcon.colcon_core.environment:checking '/home/vudinhso/rmitbot_eeet2610_ws/lesson3_ws/install/rmitbot_description/lib/python3.12/site-packages'
[0.482s] Level 1:colcon.colcon_core.environment:checking '/home/vudinhso/rmitbot_eeet2610_ws/lesson3_ws/install/rmitbot_description/bin'
[0.482s] INFO:colcon.colcon_core.shell:Creating package script '/home/vudinhso/rmitbot_eeet2610_ws/lesson3_ws/install/rmitbot_description/share/rmitbot_description/package.ps1'
[0.483s] INFO:colcon.colcon_core.shell:Creating package descriptor '/home/vudinhso/rmitbot_eeet2610_ws/lesson3_ws/install/rmitbot_description/share/rmitbot_description/package.dsv'
[0.483s] INFO:colcon.colcon_core.shell:Creating package script '/home/vudinhso/rmitbot_eeet2610_ws/lesson3_ws/install/rmitbot_description/share/rmitbot_description/package.sh'
[0.484s] INFO:colcon.colcon_core.shell:Creating package script '/home/vudinhso/rmitbot_eeet2610_ws/lesson3_ws/install/rmitbot_description/share/rmitbot_description/package.bash'
[0.484s] INFO:colcon.colcon_core.shell:Creating package script '/home/vudinhso/rmitbot_eeet2610_ws/lesson3_ws/install/rmitbot_description/share/rmitbot_description/package.zsh'
[0.484s] Level 1:colcon.colcon_core.environment:create_file_with_runtime_dependencies(/home/vudinhso/rmitbot_eeet2610_ws/lesson3_ws/install/rmitbot_description/share/colcon-core/packages/rmitbot_description)
[0.485s] Level 1:colcon.colcon_core.environment:create_environment_scripts_only(rmitbot_description)
[0.485s] Level 1:colcon.colcon_core.environment:checking '/home/vudinhso/rmitbot_eeet2610_ws/lesson3_ws/install/rmitbot_description' for CMake module files
[0.486s] Level 1:colcon.colcon_core.environment:checking '/home/vudinhso/rmitbot_eeet2610_ws/lesson3_ws/install/rmitbot_description' for CMake config files
[0.487s] Level 1:colcon.colcon_core.shell:create_environment_hook('rmitbot_description', 'cmake_prefix_path')
[0.487s] INFO:colcon.colcon_core.shell:Creating environment hook '/home/vudinhso/rmitbot_eeet2610_ws/lesson3_ws/install/rmitbot_description/share/rmitbot_description/hook/cmake_prefix_path.ps1'
[0.488s] INFO:colcon.colcon_core.shell:Creating environment descriptor '/home/vudinhso/rmitbot_eeet2610_ws/lesson3_ws/install/rmitbot_description/share/rmitbot_description/hook/cmake_prefix_path.dsv'
[0.488s] INFO:colcon.colcon_core.shell:Creating environment hook '/home/vudinhso/rmitbot_eeet2610_ws/lesson3_ws/install/rmitbot_description/share/rmitbot_description/hook/cmake_prefix_path.sh'
[0.489s] Level 1:colcon.colcon_core.environment:checking '/home/vudinhso/rmitbot_eeet2610_ws/lesson3_ws/install/rmitbot_description/bin'
[0.489s] Level 1:colcon.colcon_core.environment:checking '/home/vudinhso/rmitbot_eeet2610_ws/lesson3_ws/install/rmitbot_description/lib/pkgconfig/rmitbot_description.pc'
[0.490s] Level 1:colcon.colcon_core.environment:checking '/home/vudinhso/rmitbot_eeet2610_ws/lesson3_ws/install/rmitbot_description/lib/python3.12/site-packages'
[0.490s] Level 1:colcon.colcon_core.environment:checking '/home/vudinhso/rmitbot_eeet2610_ws/lesson3_ws/install/rmitbot_description/bin'
[0.490s] INFO:colcon.colcon_core.shell:Creating package script '/home/vudinhso/rmitbot_eeet2610_ws/lesson3_ws/install/rmitbot_description/share/rmitbot_description/package.ps1'
[0.491s] INFO:colcon.colcon_core.shell:Creating package descriptor '/home/vudinhso/rmitbot_eeet2610_ws/lesson3_ws/install/rmitbot_description/share/rmitbot_description/package.dsv'
[0.491s] INFO:colcon.colcon_core.shell:Creating package script '/home/vudinhso/rmitbot_eeet2610_ws/lesson3_ws/install/rmitbot_description/share/rmitbot_description/package.sh'
[0.492s] INFO:colcon.colcon_core.shell:Creating package script '/home/vudinhso/rmitbot_eeet2610_ws/lesson3_ws/install/rmitbot_description/share/rmitbot_description/package.bash'
[0.492s] INFO:colcon.colcon_core.shell:Creating package script '/home/vudinhso/rmitbot_eeet2610_ws/lesson3_ws/install/rmitbot_description/share/rmitbot_description/package.zsh'
[0.493s] Level 1:colcon.colcon_core.environment:create_file_with_runtime_dependencies(/home/vudinhso/rmitbot_eeet2610_ws/lesson3_ws/install/rmitbot_description/share/colcon-core/packages/rmitbot_description)
[0.493s] DEBUG:colcon.colcon_parallel_executor.executor.parallel:closing loop
[0.493s] DEBUG:colcon.colcon_parallel_executor.executor.parallel:loop closed
[0.493s] DEBUG:colcon.colcon_parallel_executor.executor.parallel:run_until_complete finished with '0'
[0.493s] DEBUG:colcon.colcon_core.event_reactor:joining thread
[0.506s] INFO:colcon.colcon_core.plugin_system:Skipping extension 'colcon_notification.desktop_notification.terminal_notifier': Not used on non-Darwin systems
[0.506s] INFO:colcon.colcon_core.plugin_system:Skipping extension 'colcon_notification.desktop_notification.win32': Not used on non-Windows systems
[0.507s] INFO:colcon.colcon_notification.desktop_notification:Sending desktop notification using 'notify2'
[0.522s] DEBUG:colcon.colcon_core.event_reactor:joined thread
[0.523s] INFO:colcon.colcon_core.shell:Creating prefix script '/home/vudinhso/rmitbot_eeet2610_ws/lesson3_ws/install/local_setup.ps1'
[0.524s] INFO:colcon.colcon_core.shell:Creating prefix util module '/home/vudinhso/rmitbot_eeet2610_ws/lesson3_ws/install/_local_setup_util_ps1.py'
[0.525s] INFO:colcon.colcon_core.shell:Creating prefix chain script '/home/vudinhso/rmitbot_eeet2610_ws/lesson3_ws/install/setup.ps1'
[0.526s] INFO:colcon.colcon_core.shell:Creating prefix script '/home/vudinhso/rmitbot_eeet2610_ws/lesson3_ws/install/local_setup.sh'
[0.527s] INFO:colcon.colcon_core.shell:Creating prefix util module '/home/vudinhso/rmitbot_eeet2610_ws/lesson3_ws/install/_local_setup_util_sh.py'
[0.527s] INFO:colcon.colcon_core.shell:Creating prefix chain script '/home/vudinhso/rmitbot_eeet2610_ws/lesson3_ws/install/setup.sh'
[0.528s] INFO:colcon.colcon_core.shell:Creating prefix script '/home/vudinhso/rmitbot_eeet2610_ws/lesson3_ws/install/local_setup.bash'
[0.529s] INFO:colcon.colcon_core.shell:Creating prefix chain script '/home/vudinhso/rmitbot_eeet2610_ws/lesson3_ws/install/setup.bash'
[0.531s] INFO:colcon.colcon_core.shell:Creating prefix script '/home/vudinhso/rmitbot_eeet2610_ws/lesson3_ws/install/local_setup.zsh'
[0.536s] INFO:colcon.colcon_core.shell:Creating prefix chain script '/home/vudinhso/rmitbot_eeet2610_ws/lesson3_ws/install/setup.zsh'
